// Jest Snapshot v1, https://goo.gl/fbAQLP

exports[`pipeline-config should return the correct config for feature-dev 1`] = `
{
  "env": {
    "account": "590184085727",
    "region": "eu-west-1",
  },
  "stageName": "featureDev",
  "stateful": {
    "bucketName": "serverless-pro-lg-feature-dev-bucket",
  },
  "stateless": {
    "lambdaMemorySize": 128,
  },
}
`;

exports[`pipeline-config should return the correct config for prod 1`] = `
{
  "env": {
    "account": "590184085727",
    "region": "eu-west-1",
  },
  "stageName": "prod",
  "stateful": {
    "bucketName": "serverless-pro-lg-prod-bucket",
  },
  "stateless": {
    "lambdaMemorySize": 1024,
  },
}
`;

exports[`pipeline-config should return the correct config for staging 1`] = `
{
  "env": {
    "account": "590184085727",
    "region": "eu-west-1",
  },
  "stageName": "staging",
  "stateful": {
    "bucketName": "serverless-pro-lg-staging-bucket",
  },
  "stateless": {
    "lambdaMemorySize": 1024,
  },
}
`;
